<?xml version="1.0"?>
<link_info>
   <banner>TI ARM Linker PC v16.9.0.LTS</banner>
   <copyright>Copyright (c) 1996-2015 Texas Instruments Incorporated</copyright>
   <link_time>0x684f86df</link_time>
   <link_errors>0x0</link_errors>
   <output_file>sistem_mobil.out</output_file>
   <entry_point>
      <name>_c_int00</name>
      <address>0x535d</address>
   </entry_point>
   <input_file_list>
      <input_file id="fl-2">
         <path>.\</path>
         <kind>object</kind>
         <file>gpio.obj</file>
         <name>gpio.obj</name>
      </input_file>
      <input_file id="fl-3">
         <path>.\</path>
         <kind>object</kind>
         <file>main.obj</file>
         <name>main.obj</name>
      </input_file>
      <input_file id="fl-4">
         <path>.\</path>
         <kind>object</kind>
         <file>motor_control.obj</file>
         <name>motor_control.obj</name>
      </input_file>
      <input_file id="fl-5">
         <path>.\</path>
         <kind>object</kind>
         <file>nrf24l01.obj</file>
         <name>nrf24l01.obj</name>
      </input_file>
      <input_file id="fl-6">
         <path>.\</path>
         <kind>object</kind>
         <file>nrf24l01_api.obj</file>
         <name>nrf24l01_api.obj</name>
      </input_file>
      <input_file id="fl-7">
         <path>.\</path>
         <kind>object</kind>
         <file>nrf24l01_low_level.obj</file>
         <name>nrf24l01_low_level.obj</name>
      </input_file>
      <input_file id="fl-8">
         <path>.\</path>
         <kind>object</kind>
         <file>numerical_control.obj</file>
         <name>numerical_control.obj</name>
      </input_file>
      <input_file id="fl-9">
         <path>.\</path>
         <kind>object</kind>
         <file>startup_msp432p401r_ccs.obj</file>
         <name>startup_msp432p401r_ccs.obj</name>
      </input_file>
      <input_file id="fl-a">
         <path>.\</path>
         <kind>object</kind>
         <file>system_msp432p401r.obj</file>
         <name>system_msp432p401r.obj</name>
      </input_file>
      <input_file id="fl-b">
         <path>.\driverlib\MSP432P4xx\</path>
         <kind>object</kind>
         <file>adc14.obj</file>
         <name>adc14.obj</name>
      </input_file>
      <input_file id="fl-c">
         <path>.\driverlib\MSP432P4xx\</path>
         <kind>object</kind>
         <file>aes256.obj</file>
         <name>aes256.obj</name>
      </input_file>
      <input_file id="fl-d">
         <path>.\driverlib\MSP432P4xx\</path>
         <kind>object</kind>
         <file>comp_e.obj</file>
         <name>comp_e.obj</name>
      </input_file>
      <input_file id="fl-e">
         <path>.\driverlib\MSP432P4xx\</path>
         <kind>object</kind>
         <file>cpu.obj</file>
         <name>cpu.obj</name>
      </input_file>
      <input_file id="fl-f">
         <path>.\driverlib\MSP432P4xx\</path>
         <kind>object</kind>
         <file>crc32.obj</file>
         <name>crc32.obj</name>
      </input_file>
      <input_file id="fl-10">
         <path>.\driverlib\MSP432P4xx\</path>
         <kind>object</kind>
         <file>cs.obj</file>
         <name>cs.obj</name>
      </input_file>
      <input_file id="fl-11">
         <path>.\driverlib\MSP432P4xx\</path>
         <kind>object</kind>
         <file>dma.obj</file>
         <name>dma.obj</name>
      </input_file>
      <input_file id="fl-12">
         <path>.\driverlib\MSP432P4xx\</path>
         <kind>object</kind>
         <file>flash.obj</file>
         <name>flash.obj</name>
      </input_file>
      <input_file id="fl-13">
         <path>.\driverlib\MSP432P4xx\</path>
         <kind>object</kind>
         <file>fpu.obj</file>
         <name>fpu.obj</name>
      </input_file>
      <input_file id="fl-14">
         <path>.\driverlib\MSP432P4xx\</path>
         <kind>object</kind>
         <file>gpio.obj</file>
         <name>gpio.obj</name>
      </input_file>
      <input_file id="fl-15">
         <path>.\driverlib\MSP432P4xx\</path>
         <kind>object</kind>
         <file>i2c.obj</file>
         <name>i2c.obj</name>
      </input_file>
      <input_file id="fl-16">
         <path>.\driverlib\MSP432P4xx\</path>
         <kind>object</kind>
         <file>interrupt.obj</file>
         <name>interrupt.obj</name>
      </input_file>
      <input_file id="fl-17">
         <path>.\driverlib\MSP432P4xx\</path>
         <kind>object</kind>
         <file>mpu.obj</file>
         <name>mpu.obj</name>
      </input_file>
      <input_file id="fl-18">
         <path>.\driverlib\MSP432P4xx\</path>
         <kind>object</kind>
         <file>pcm.obj</file>
         <name>pcm.obj</name>
      </input_file>
      <input_file id="fl-19">
         <path>.\driverlib\MSP432P4xx\</path>
         <kind>object</kind>
         <file>pmap.obj</file>
         <name>pmap.obj</name>
      </input_file>
      <input_file id="fl-1a">
         <path>.\driverlib\MSP432P4xx\</path>
         <kind>object</kind>
         <file>pss.obj</file>
         <name>pss.obj</name>
      </input_file>
      <input_file id="fl-1b">
         <path>.\driverlib\MSP432P4xx\</path>
         <kind>object</kind>
         <file>ref_a.obj</file>
         <name>ref_a.obj</name>
      </input_file>
      <input_file id="fl-1c">
         <path>.\driverlib\MSP432P4xx\</path>
         <kind>object</kind>
         <file>reset.obj</file>
         <name>reset.obj</name>
      </input_file>
      <input_file id="fl-1d">
         <path>.\driverlib\MSP432P4xx\</path>
         <kind>object</kind>
         <file>rtc_c.obj</file>
         <name>rtc_c.obj</name>
      </input_file>
      <input_file id="fl-1e">
         <path>.\driverlib\MSP432P4xx\</path>
         <kind>object</kind>
         <file>spi.obj</file>
         <name>spi.obj</name>
      </input_file>
      <input_file id="fl-1f">
         <path>.\driverlib\MSP432P4xx\</path>
         <kind>object</kind>
         <file>sysctl.obj</file>
         <name>sysctl.obj</name>
      </input_file>
      <input_file id="fl-20">
         <path>.\driverlib\MSP432P4xx\</path>
         <kind>object</kind>
         <file>systick.obj</file>
         <name>systick.obj</name>
      </input_file>
      <input_file id="fl-21">
         <path>.\driverlib\MSP432P4xx\</path>
         <kind>object</kind>
         <file>timer32.obj</file>
         <name>timer32.obj</name>
      </input_file>
      <input_file id="fl-22">
         <path>.\driverlib\MSP432P4xx\</path>
         <kind>object</kind>
         <file>timer_a.obj</file>
         <name>timer_a.obj</name>
      </input_file>
      <input_file id="fl-23">
         <path>.\driverlib\MSP432P4xx\</path>
         <kind>object</kind>
         <file>uart.obj</file>
         <name>uart.obj</name>
      </input_file>
      <input_file id="fl-24">
         <path>.\driverlib\MSP432P4xx\</path>
         <kind>object</kind>
         <file>wdt_a.obj</file>
         <name>wdt_a.obj</name>
      </input_file>
      <input_file id="fl-de">
         <path>C:\ti\ccsv7\tools\compiler\ti-cgt-arm_16.9.0.LTS\lib\</path>
         <kind>archive</kind>
         <file>rtsv7M4_T_le_v4SPD16_eabi.lib</file>
         <name>atoi.obj</name>
      </input_file>
      <input_file id="fl-df">
         <path>C:\ti\ccsv7\tools\compiler\ti-cgt-arm_16.9.0.LTS\lib\</path>
         <kind>archive</kind>
         <file>rtsv7M4_T_le_v4SPD16_eabi.lib</file>
         <name>boot.obj</name>
      </input_file>
      <input_file id="fl-e0">
         <path>C:\ti\ccsv7\tools\compiler\ti-cgt-arm_16.9.0.LTS\lib\</path>
         <kind>archive</kind>
         <file>rtsv7M4_T_le_v4SPD16_eabi.lib</file>
         <name>copy_decompress_lzss.obj</name>
      </input_file>
      <input_file id="fl-e1">
         <path>C:\ti\ccsv7\tools\compiler\ti-cgt-arm_16.9.0.LTS\lib\</path>
         <kind>archive</kind>
         <file>rtsv7M4_T_le_v4SPD16_eabi.lib</file>
         <name>copy_decompress_none.obj</name>
      </input_file>
      <input_file id="fl-e2">
         <path>C:\ti\ccsv7\tools\compiler\ti-cgt-arm_16.9.0.LTS\lib\</path>
         <kind>archive</kind>
         <file>rtsv7M4_T_le_v4SPD16_eabi.lib</file>
         <name>copy_zero_init.obj</name>
      </input_file>
      <input_file id="fl-e3">
         <path>C:\ti\ccsv7\tools\compiler\ti-cgt-arm_16.9.0.LTS\lib\</path>
         <kind>archive</kind>
         <file>rtsv7M4_T_le_v4SPD16_eabi.lib</file>
         <name>ctype.obj</name>
      </input_file>
      <input_file id="fl-e4">
         <path>C:\ti\ccsv7\tools\compiler\ti-cgt-arm_16.9.0.LTS\lib\</path>
         <kind>archive</kind>
         <file>rtsv7M4_T_le_v4SPD16_eabi.lib</file>
         <name>exit.obj</name>
      </input_file>
      <input_file id="fl-e5">
         <path>C:\ti\ccsv7\tools\compiler\ti-cgt-arm_16.9.0.LTS\lib\</path>
         <kind>archive</kind>
         <file>rtsv7M4_T_le_v4SPD16_eabi.lib</file>
         <name>memcpy_t2.obj</name>
      </input_file>
      <input_file id="fl-e6">
         <path>C:\ti\ccsv7\tools\compiler\ti-cgt-arm_16.9.0.LTS\lib\</path>
         <kind>archive</kind>
         <file>rtsv7M4_T_le_v4SPD16_eabi.lib</file>
         <name>memset_t2.obj</name>
      </input_file>
      <input_file id="fl-e7">
         <path>C:\ti\ccsv7\tools\compiler\ti-cgt-arm_16.9.0.LTS\lib\</path>
         <kind>archive</kind>
         <file>rtsv7M4_T_le_v4SPD16_eabi.lib</file>
         <name>mpu_init.obj</name>
      </input_file>
      <input_file id="fl-e8">
         <path>C:\ti\ccsv7\tools\compiler\ti-cgt-arm_16.9.0.LTS\lib\</path>
         <kind>archive</kind>
         <file>rtsv7M4_T_le_v4SPD16_eabi.lib</file>
         <name>pre_init.obj</name>
      </input_file>
      <input_file id="fl-e9">
         <path>C:\ti\ccsv7\tools\compiler\ti-cgt-arm_16.9.0.LTS\lib\</path>
         <kind>archive</kind>
         <file>rtsv7M4_T_le_v4SPD16_eabi.lib</file>
         <name>printf.obj</name>
      </input_file>
      <input_file id="fl-ea">
         <path>C:\ti\ccsv7\tools\compiler\ti-cgt-arm_16.9.0.LTS\lib\</path>
         <kind>archive</kind>
         <file>rtsv7M4_T_le_v4SPD16_eabi.lib</file>
         <name>stkdepth_vars.obj</name>
      </input_file>
      <input_file id="fl-eb">
         <path>C:\ti\ccsv7\tools\compiler\ti-cgt-arm_16.9.0.LTS\lib\</path>
         <kind>archive</kind>
         <file>rtsv7M4_T_le_v4SPD16_eabi.lib</file>
         <name>_lock.obj</name>
      </input_file>
      <input_file id="fl-ec">
         <path>C:\ti\ccsv7\tools\compiler\ti-cgt-arm_16.9.0.LTS\lib\</path>
         <kind>archive</kind>
         <file>rtsv7M4_T_le_v4SPD16_eabi.lib</file>
         <name>_printfi.obj</name>
      </input_file>
      <input_file id="fl-ed">
         <path>C:\ti\ccsv7\tools\compiler\ti-cgt-arm_16.9.0.LTS\lib\</path>
         <kind>archive</kind>
         <file>rtsv7M4_T_le_v4SPD16_eabi.lib</file>
         <name>args_main.obj</name>
      </input_file>
      <input_file id="fl-ee">
         <path>C:\ti\ccsv7\tools\compiler\ti-cgt-arm_16.9.0.LTS\lib\</path>
         <kind>archive</kind>
         <file>rtsv7M4_T_le_v4SPD16_eabi.lib</file>
         <name>autoinit.obj</name>
      </input_file>
      <input_file id="fl-ef">
         <path>C:\ti\ccsv7\tools\compiler\ti-cgt-arm_16.9.0.LTS\lib\</path>
         <kind>archive</kind>
         <file>rtsv7M4_T_le_v4SPD16_eabi.lib</file>
         <name>cpy_tbl.obj</name>
      </input_file>
      <input_file id="fl-f0">
         <path>C:\ti\ccsv7\tools\compiler\ti-cgt-arm_16.9.0.LTS\lib\</path>
         <kind>archive</kind>
         <file>rtsv7M4_T_le_v4SPD16_eabi.lib</file>
         <name>defs.obj</name>
      </input_file>
      <input_file id="fl-f1">
         <path>C:\ti\ccsv7\tools\compiler\ti-cgt-arm_16.9.0.LTS\lib\</path>
         <kind>archive</kind>
         <file>rtsv7M4_T_le_v4SPD16_eabi.lib</file>
         <name>fd_add_t2.obj</name>
      </input_file>
      <input_file id="fl-f2">
         <path>C:\ti\ccsv7\tools\compiler\ti-cgt-arm_16.9.0.LTS\lib\</path>
         <kind>archive</kind>
         <file>rtsv7M4_T_le_v4SPD16_eabi.lib</file>
         <name>fd_cmp_t2.obj</name>
      </input_file>
      <input_file id="fl-f3">
         <path>C:\ti\ccsv7\tools\compiler\ti-cgt-arm_16.9.0.LTS\lib\</path>
         <kind>archive</kind>
         <file>rtsv7M4_T_le_v4SPD16_eabi.lib</file>
         <name>fd_div_t2.obj</name>
      </input_file>
      <input_file id="fl-f4">
         <path>C:\ti\ccsv7\tools\compiler\ti-cgt-arm_16.9.0.LTS\lib\</path>
         <kind>archive</kind>
         <file>rtsv7M4_T_le_v4SPD16_eabi.lib</file>
         <name>fd_mul_t2.obj</name>
      </input_file>
      <input_file id="fl-f5">
         <path>C:\ti\ccsv7\tools\compiler\ti-cgt-arm_16.9.0.LTS\lib\</path>
         <kind>archive</kind>
         <file>rtsv7M4_T_le_v4SPD16_eabi.lib</file>
         <name>fd_toi_t2.obj</name>
      </input_file>
      <input_file id="fl-f6">
         <path>C:\ti\ccsv7\tools\compiler\ti-cgt-arm_16.9.0.LTS\lib\</path>
         <kind>archive</kind>
         <file>rtsv7M4_T_le_v4SPD16_eabi.lib</file>
         <name>fputc.obj</name>
      </input_file>
      <input_file id="fl-f7">
         <path>C:\ti\ccsv7\tools\compiler\ti-cgt-arm_16.9.0.LTS\lib\</path>
         <kind>archive</kind>
         <file>rtsv7M4_T_le_v4SPD16_eabi.lib</file>
         <name>fputs.obj</name>
      </input_file>
      <input_file id="fl-f8">
         <path>C:\ti\ccsv7\tools\compiler\ti-cgt-arm_16.9.0.LTS\lib\</path>
         <kind>archive</kind>
         <file>rtsv7M4_T_le_v4SPD16_eabi.lib</file>
         <name>i_tofd_t2.obj</name>
      </input_file>
      <input_file id="fl-f9">
         <path>C:\ti\ccsv7\tools\compiler\ti-cgt-arm_16.9.0.LTS\lib\</path>
         <kind>archive</kind>
         <file>rtsv7M4_T_le_v4SPD16_eabi.lib</file>
         <name>lowlev.obj</name>
      </input_file>
      <input_file id="fl-fa">
         <path>C:\ti\ccsv7\tools\compiler\ti-cgt-arm_16.9.0.LTS\lib\</path>
         <kind>archive</kind>
         <file>rtsv7M4_T_le_v4SPD16_eabi.lib</file>
         <name>ltoa.obj</name>
      </input_file>
      <input_file id="fl-fb">
         <path>C:\ti\ccsv7\tools\compiler\ti-cgt-arm_16.9.0.LTS\lib\</path>
         <kind>archive</kind>
         <file>rtsv7M4_T_le_v4SPD16_eabi.lib</file>
         <name>memccpy.obj</name>
      </input_file>
      <input_file id="fl-fc">
         <path>C:\ti\ccsv7\tools\compiler\ti-cgt-arm_16.9.0.LTS\lib\</path>
         <kind>archive</kind>
         <file>rtsv7M4_T_le_v4SPD16_eabi.lib</file>
         <name>memchr.obj</name>
      </input_file>
      <input_file id="fl-fd">
         <path>C:\ti\ccsv7\tools\compiler\ti-cgt-arm_16.9.0.LTS\lib\</path>
         <kind>archive</kind>
         <file>rtsv7M4_T_le_v4SPD16_eabi.lib</file>
         <name>s_frexp.obj</name>
      </input_file>
      <input_file id="fl-fe">
         <path>C:\ti\ccsv7\tools\compiler\ti-cgt-arm_16.9.0.LTS\lib\</path>
         <kind>archive</kind>
         <file>rtsv7M4_T_le_v4SPD16_eabi.lib</file>
         <name>s_scalbn.obj</name>
      </input_file>
      <input_file id="fl-ff">
         <path>C:\ti\ccsv7\tools\compiler\ti-cgt-arm_16.9.0.LTS\lib\</path>
         <kind>archive</kind>
         <file>rtsv7M4_T_le_v4SPD16_eabi.lib</file>
         <name>startup.obj</name>
      </input_file>
      <input_file id="fl-100">
         <path>C:\ti\ccsv7\tools\compiler\ti-cgt-arm_16.9.0.LTS\lib\</path>
         <kind>archive</kind>
         <file>rtsv7M4_T_le_v4SPD16_eabi.lib</file>
         <name>strchr.obj</name>
      </input_file>
      <input_file id="fl-101">
         <path>C:\ti\ccsv7\tools\compiler\ti-cgt-arm_16.9.0.LTS\lib\</path>
         <kind>archive</kind>
         <file>rtsv7M4_T_le_v4SPD16_eabi.lib</file>
         <name>strcmp.obj</name>
      </input_file>
      <input_file id="fl-102">
         <path>C:\ti\ccsv7\tools\compiler\ti-cgt-arm_16.9.0.LTS\lib\</path>
         <kind>archive</kind>
         <file>rtsv7M4_T_le_v4SPD16_eabi.lib</file>
         <name>strlen.obj</name>
      </input_file>
      <input_file id="fl-103">
         <path>C:\ti\ccsv7\tools\compiler\ti-cgt-arm_16.9.0.LTS\lib\</path>
         <kind>archive</kind>
         <file>rtsv7M4_T_le_v4SPD16_eabi.lib</file>
         <name>strncpy.obj</name>
      </input_file>
      <input_file id="fl-104">
         <path>C:\ti\ccsv7\tools\compiler\ti-cgt-arm_16.9.0.LTS\lib\</path>
         <kind>archive</kind>
         <file>rtsv7M4_T_le_v4SPD16_eabi.lib</file>
         <name>trgdrv.obj</name>
      </input_file>
      <input_file id="fl-105">
         <path>C:\ti\ccsv7\tools\compiler\ti-cgt-arm_16.9.0.LTS\lib\</path>
         <kind>archive</kind>
         <file>rtsv7M4_T_le_v4SPD16_eabi.lib</file>
         <name>trgmsg.obj</name>
      </input_file>
      <input_file id="fl-106">
         <path>C:\ti\ccsv7\tools\compiler\ti-cgt-arm_16.9.0.LTS\lib\</path>
         <kind>archive</kind>
         <file>rtsv7M4_T_le_v4SPD16_eabi.lib</file>
         <name>ull_div_t2.obj</name>
      </input_file>
      <input_file id="fl-107">
         <path>C:\ti\ccsv7\tools\compiler\ti-cgt-arm_16.9.0.LTS\lib\</path>
         <kind>archive</kind>
         <file>rtsv7M4_T_le_v4SPD16_eabi.lib</file>
         <name>_io_perm.obj</name>
      </input_file>
      <input_file id="fl-108">
         <path>C:\ti\ccsv7\tools\compiler\ti-cgt-arm_16.9.0.LTS\lib\</path>
         <kind>archive</kind>
         <file>rtsv7M4_T_le_v4SPD16_eabi.lib</file>
         <name>errno.obj</name>
      </input_file>
      <input_file id="fl-109">
         <path>C:\ti\ccsv7\tools\compiler\ti-cgt-arm_16.9.0.LTS\lib\</path>
         <kind>archive</kind>
         <file>rtsv7M4_T_le_v4SPD16_eabi.lib</file>
         <name>fflush.obj</name>
      </input_file>
      <input_file id="fl-10a">
         <path>C:\ti\ccsv7\tools\compiler\ti-cgt-arm_16.9.0.LTS\lib\</path>
         <kind>archive</kind>
         <file>rtsv7M4_T_le_v4SPD16_eabi.lib</file>
         <name>fseek.obj</name>
      </input_file>
      <input_file id="fl-10b">
         <path>C:\ti\ccsv7\tools\compiler\ti-cgt-arm_16.9.0.LTS\lib\</path>
         <kind>archive</kind>
         <file>rtsv7M4_T_le_v4SPD16_eabi.lib</file>
         <name>s_copysign.obj</name>
      </input_file>
      <input_file id="fl-10c">
         <path>C:\ti\ccsv7\tools\compiler\ti-cgt-arm_16.9.0.LTS\lib\</path>
         <kind>archive</kind>
         <file>rtsv7M4_T_le_v4SPD16_eabi.lib</file>
         <name>setvbuf.obj</name>
      </input_file>
      <input_file id="fl-10d">
         <path>C:\ti\ccsv7\tools\compiler\ti-cgt-arm_16.9.0.LTS\lib\</path>
         <kind>archive</kind>
         <file>rtsv7M4_T_le_v4SPD16_eabi.lib</file>
         <name>strcpy.obj</name>
      </input_file>
      <input_file id="fl-10e">
         <path>C:\ti\ccsv7\tools\compiler\ti-cgt-arm_16.9.0.LTS\lib\</path>
         <kind>archive</kind>
         <file>rtsv7M4_T_le_v4SPD16_eabi.lib</file>
         <name>fopen.obj</name>
      </input_file>
      <input_file id="fl-10f">
         <path>C:\ti\ccsv7\tools\compiler\ti-cgt-arm_16.9.0.LTS\lib\</path>
         <kind>archive</kind>
         <file>rtsv7M4_T_le_v4SPD16_eabi.lib</file>
         <name>memory.obj</name>
      </input_file>
      <input_file id="fl-110">
         <path>C:\ti\ccsv7\tools\compiler\ti-cgt-arm_16.9.0.LTS\lib\</path>
         <kind>archive</kind>
         <file>rtsv7M4_T_le_v4SPD16_eabi.lib</file>
         <name>fclose.obj</name>
      </input_file>
      <input_file id="fl-111">
         <path>C:\ti\ccsv7\tools\compiler\ti-cgt-arm_16.9.0.LTS\lib\</path>
         <kind>archive</kind>
         <file>rtsv7M4_T_le_v4SPD16_eabi.lib</file>
         <name>remove.obj</name>
      </input_file>
   </input_file_list>
   <object_component_list>
      <object_component id="oc-2c">
         <name>.intvecs:retain</name>
         <load_address>0x0</load_address>
         <run_address>0x0</run_address>
         <size>0xe4</size>
         <input_file_ref idref="fl-9"/>
      </object_component>
      <object_component id="oc-18f">
         <name>.text</name>
         <load_address>0xe4</load_address>
         <run_address>0xe4</run_address>
         <size>0x113a</size>
         <input_file_ref idref="fl-ec"/>
      </object_component>
      <object_component id="oc-56">
         <name>.text</name>
         <load_address>0x121e</load_address>
         <run_address>0x121e</run_address>
         <size>0x2</size>
         <input_file_ref idref="fl-e7"/>
      </object_component>
      <object_component id="oc-d7">
         <name>.text</name>
         <load_address>0x1220</load_address>
         <run_address>0x1220</run_address>
         <size>0xd7c</size>
         <input_file_ref idref="fl-10"/>
      </object_component>
      <object_component id="oc-dd">
         <name>.text</name>
         <load_address>0x1f9c</load_address>
         <run_address>0x1f9c</run_address>
         <size>0x480</size>
         <input_file_ref idref="fl-14"/>
      </object_component>
      <object_component id="oc-c5">
         <name>.text</name>
         <load_address>0x241c</load_address>
         <run_address>0x241c</run_address>
         <size>0x41c</size>
         <input_file_ref idref="fl-23"/>
      </object_component>
      <object_component id="oc-e3">
         <name>.text</name>
         <load_address>0x2838</load_address>
         <run_address>0x2838</run_address>
         <size>0x3f0</size>
         <input_file_ref idref="fl-16"/>
      </object_component>
      <object_component id="oc-2ec">
         <name>.text</name>
         <load_address>0x2c28</load_address>
         <run_address>0x2c28</run_address>
         <size>0x3d0</size>
         <input_file_ref idref="fl-10f"/>
      </object_component>
      <object_component id="oc-be">
         <name>.text</name>
         <load_address>0x2ff8</load_address>
         <run_address>0x2ff8</run_address>
         <size>0x32c</size>
         <input_file_ref idref="fl-a"/>
      </object_component>
      <object_component id="oc-309">
         <name>.text</name>
         <load_address>0x3324</load_address>
         <run_address>0x3324</run_address>
         <size>0x324</size>
         <input_file_ref idref="fl-104"/>
      </object_component>
      <object_component id="oc-202">
         <name>.text</name>
         <load_address>0x3648</load_address>
         <run_address>0x3648</run_address>
         <size>0x30c</size>
         <input_file_ref idref="fl-f9"/>
      </object_component>
      <object_component id="oc-150">
         <name>.text</name>
         <load_address>0x3954</load_address>
         <run_address>0x3954</run_address>
         <size>0x244</size>
         <input_file_ref idref="fl-1f"/>
      </object_component>
      <object_component id="oc-7e">
         <name>.text</name>
         <load_address>0x3b98</load_address>
         <run_address>0x3b98</run_address>
         <size>0x238</size>
         <input_file_ref idref="fl-3"/>
      </object_component>
      <object_component id="oc-218">
         <name>.text</name>
         <load_address>0x3dd0</load_address>
         <run_address>0x3dd0</run_address>
         <size>0x1f4</size>
         <input_file_ref idref="fl-106"/>
      </object_component>
      <object_component id="oc-2f2">
         <name>.text</name>
         <load_address>0x3fc4</load_address>
         <run_address>0x3fc4</run_address>
         <size>0x1c4</size>
         <input_file_ref idref="fl-10e"/>
      </object_component>
      <object_component id="oc-241">
         <name>.text</name>
         <load_address>0x4188</load_address>
         <run_address>0x4188</run_address>
         <size>0x1b6</size>
         <input_file_ref idref="fl-f1"/>
      </object_component>
      <object_component id="oc-227">
         <name>.text</name>
         <load_address>0x433e</load_address>
         <run_address>0x433e</run_address>
         <size>0x136</size>
         <input_file_ref idref="fl-f3"/>
      </object_component>
      <object_component id="oc-189">
         <name>.text</name>
         <load_address>0x4474</load_address>
         <run_address>0x4474</run_address>
         <size>0x134</size>
         <input_file_ref idref="fl-f7"/>
      </object_component>
      <object_component id="oc-1a5">
         <name>.text</name>
         <load_address>0x45a8</load_address>
         <run_address>0x45a8</run_address>
         <size>0x100</size>
         <input_file_ref idref="fl-4"/>
      </object_component>
      <object_component id="oc-222">
         <name>.text</name>
         <load_address>0x46a8</load_address>
         <run_address>0x46a8</run_address>
         <size>0xfc</size>
         <input_file_ref idref="fl-f4"/>
      </object_component>
      <object_component id="oc-24c">
         <name>.text</name>
         <load_address>0x47a4</load_address>
         <run_address>0x47a4</run_address>
         <size>0xfc</size>
         <input_file_ref idref="fl-fe"/>
      </object_component>
      <object_component id="oc-ef">
         <name>.text</name>
         <load_address>0x48a0</load_address>
         <run_address>0x48a0</run_address>
         <size>0xe4</size>
         <input_file_ref idref="fl-8"/>
      </object_component>
      <object_component id="oc-28c">
         <name>.text</name>
         <load_address>0x4984</load_address>
         <run_address>0x4984</run_address>
         <size>0xdc</size>
         <input_file_ref idref="fl-10c"/>
      </object_component>
      <object_component id="oc-cb">
         <name>.text</name>
         <load_address>0x4a60</load_address>
         <run_address>0x4a60</run_address>
         <size>0xd8</size>
         <input_file_ref idref="fl-24"/>
      </object_component>
      <object_component id="oc-1fc">
         <name>.text</name>
         <load_address>0x4b38</load_address>
         <run_address>0x4b38</run_address>
         <size>0xc8</size>
         <input_file_ref idref="fl-109"/>
      </object_component>
      <object_component id="oc-1f6">
         <name>.text</name>
         <load_address>0x4c00</load_address>
         <run_address>0x4c00</run_address>
         <size>0xac</size>
         <input_file_ref idref="fl-107"/>
      </object_component>
      <object_component id="oc-3e">
         <name>.text</name>
         <load_address>0x4cac</load_address>
         <run_address>0x4cac</run_address>
         <size>0x9c</size>
         <input_file_ref idref="fl-e5"/>
      </object_component>
      <object_component id="oc-331">
         <name>.text</name>
         <load_address>0x4d48</load_address>
         <run_address>0x4d48</run_address>
         <size>0x98</size>
         <input_file_ref idref="fl-110"/>
      </object_component>
      <object_component id="oc-183">
         <name>.text</name>
         <load_address>0x4de0</load_address>
         <run_address>0x4de0</run_address>
         <size>0x98</size>
         <input_file_ref idref="fl-f6"/>
      </object_component>
      <object_component id="oc-d1">
         <name>.text</name>
         <load_address>0x4e78</load_address>
         <run_address>0x4e78</run_address>
         <size>0x8e</size>
         <input_file_ref idref="fl-2"/>
      </object_component>
      <object_component id="oc-21d">
         <name>.text:__aeabi_cdcmple</name>
         <load_address>0x4f06</load_address>
         <run_address>0x4f06</run_address>
         <size>0x86</size>
         <input_file_ref idref="fl-f2"/>
      </object_component>
      <object_component id="oc-22c">
         <name>.text:__aeabi_cdrcmple</name>
         <load_address>0x4f8c</load_address>
         <run_address>0x4f8c</run_address>
         <size>0x86</size>
         <input_file_ref idref="fl-f2"/>
      </object_component>
      <object_component id="oc-4a">
         <name>.text</name>
         <load_address>0x5012</load_address>
         <run_address>0x5012</run_address>
         <size>0x7a</size>
         <input_file_ref idref="fl-e6"/>
      </object_component>
      <object_component id="oc-62">
         <name>.text</name>
         <load_address>0x508c</load_address>
         <run_address>0x508c</run_address>
         <size>0x70</size>
         <input_file_ref idref="fl-ee"/>
      </object_component>
      <object_component id="oc-e9">
         <name>.text</name>
         <load_address>0x50fc</load_address>
         <run_address>0x50fc</run_address>
         <size>0x70</size>
         <input_file_ref idref="fl-e9"/>
      </object_component>
      <object_component id="oc-14">
         <name>.text:decompress:lzss</name>
         <load_address>0x516c</load_address>
         <run_address>0x516c</run_address>
         <size>0x68</size>
         <input_file_ref idref="fl-e0"/>
      </object_component>
      <object_component id="oc-340">
         <name>.text</name>
         <load_address>0x51d4</load_address>
         <run_address>0x51d4</run_address>
         <size>0x68</size>
         <input_file_ref idref="fl-105"/>
      </object_component>
      <object_component id="oc-286">
         <name>.text</name>
         <load_address>0x523c</load_address>
         <run_address>0x523c</run_address>
         <size>0x64</size>
         <input_file_ref idref="fl-10a"/>
      </object_component>
      <object_component id="oc-246">
         <name>.text</name>
         <load_address>0x52a0</load_address>
         <run_address>0x52a0</run_address>
         <size>0x64</size>
         <input_file_ref idref="fl-fd"/>
      </object_component>
      <object_component id="oc-236">
         <name>.text</name>
         <load_address>0x5304</load_address>
         <run_address>0x5304</run_address>
         <size>0x56</size>
         <input_file_ref idref="fl-fa"/>
      </object_component>
      <object_component id="oc-a9">
         <name>.text</name>
         <load_address>0x535a</load_address>
         <run_address>0x535a</run_address>
         <size>0x2</size>
         <input_file_ref idref="fl-ff"/>
      </object_component>
      <object_component id="oc-26">
         <name>.text</name>
         <load_address>0x535c</load_address>
         <run_address>0x535c</run_address>
         <size>0x54</size>
         <input_file_ref idref="fl-df"/>
      </object_component>
      <object_component id="oc-6e">
         <name>.text</name>
         <load_address>0x53b0</load_address>
         <run_address>0x53b0</run_address>
         <size>0x54</size>
         <input_file_ref idref="fl-e4"/>
      </object_component>
      <object_component id="oc-19f">
         <name>.text</name>
         <load_address>0x5404</load_address>
         <run_address>0x5404</run_address>
         <size>0x4c</size>
         <input_file_ref idref="fl-de"/>
      </object_component>
      <object_component id="oc-a3">
         <name>.text</name>
         <load_address>0x5450</load_address>
         <run_address>0x5450</run_address>
         <size>0x4c</size>
         <input_file_ref idref="fl-ef"/>
      </object_component>
      <object_component id="oc-231">
         <name>.text</name>
         <load_address>0x549c</load_address>
         <run_address>0x549c</run_address>
         <size>0x48</size>
         <input_file_ref idref="fl-f5"/>
      </object_component>
      <object_component id="oc-166">
         <name>.text</name>
         <load_address>0x54e4</load_address>
         <run_address>0x54e4</run_address>
         <size>0x3e</size>
         <input_file_ref idref="fl-e"/>
      </object_component>
      <object_component id="oc-29f">
         <name>.text</name>
         <load_address>0x5522</load_address>
         <run_address>0x5522</run_address>
         <size>0x36</size>
         <input_file_ref idref="fl-103"/>
      </object_component>
      <object_component id="oc-23c">
         <name>.text</name>
         <load_address>0x5558</load_address>
         <run_address>0x5558</run_address>
         <size>0x2e</size>
         <input_file_ref idref="fl-f8"/>
      </object_component>
      <object_component id="oc-210">
         <name>.text</name>
         <load_address>0x5586</load_address>
         <run_address>0x5586</run_address>
         <size>0x20</size>
         <input_file_ref idref="fl-fc"/>
      </object_component>
      <object_component id="oc-258">
         <name>.text</name>
         <load_address>0x55a6</load_address>
         <run_address>0x55a6</run_address>
         <size>0x1c</size>
         <input_file_ref idref="fl-fb"/>
      </object_component>
      <object_component id="oc-68">
         <name>.text</name>
         <load_address>0x55c4</load_address>
         <run_address>0x55c4</run_address>
         <size>0x18</size>
         <input_file_ref idref="fl-ed"/>
      </object_component>
      <object_component id="oc-299">
         <name>.text</name>
         <load_address>0x55dc</load_address>
         <run_address>0x55dc</run_address>
         <size>0x18</size>
         <input_file_ref idref="fl-101"/>
      </object_component>
      <object_component id="oc-252">
         <name>.text</name>
         <load_address>0x55f4</load_address>
         <run_address>0x55f4</run_address>
         <size>0x16</size>
         <input_file_ref idref="fl-100"/>
      </object_component>
      <object_component id="oc-13e">
         <name>.text</name>
         <load_address>0x560c</load_address>
         <run_address>0x560c</run_address>
         <size>0x14</size>
         <input_file_ref idref="fl-eb"/>
      </object_component>
      <object_component id="oc-2c9">
         <name>.text</name>
         <load_address>0x5620</load_address>
         <run_address>0x5620</run_address>
         <size>0x14</size>
         <input_file_ref idref="fl-10b"/>
      </object_component>
      <object_component id="oc-346">
         <name>.text</name>
         <load_address>0x5634</load_address>
         <run_address>0x5634</run_address>
         <size>0x14</size>
         <input_file_ref idref="fl-10d"/>
      </object_component>
      <object_component id="oc-20a">
         <name>.text</name>
         <load_address>0x5648</load_address>
         <run_address>0x5648</run_address>
         <size>0x14</size>
         <input_file_ref idref="fl-102"/>
      </object_component>
      <object_component id="oc-1a">
         <name>.text:decompress:none</name>
         <load_address>0x565c</load_address>
         <run_address>0x565c</run_address>
         <size>0xe</size>
         <input_file_ref idref="fl-e1"/>
      </object_component>
      <object_component id="oc-78">
         <name>.text</name>
         <load_address>0x566a</load_address>
         <run_address>0x566a</run_address>
         <size>0xe</size>
         <input_file_ref idref="fl-9"/>
      </object_component>
      <object_component id="oc-20">
         <name>.text:decompress:ZI</name>
         <load_address>0x5678</load_address>
         <run_address>0x5678</run_address>
         <size>0xc</size>
         <input_file_ref idref="fl-e2"/>
      </object_component>
      <object_component id="oc-5c">
         <name>.text</name>
         <load_address>0x5684</load_address>
         <run_address>0x5684</run_address>
         <size>0x4</size>
         <input_file_ref idref="fl-e8"/>
      </object_component>
      <object_component id="oc-27b">
         <name>.const:.string:_ctypes_</name>
         <load_address>0x5688</load_address>
         <run_address>0x5688</run_address>
         <size>0x101</size>
         <input_file_ref idref="fl-e3"/>
      </object_component>
      <object_component id="oc-172">
         <name>.const:g_pulRegs</name>
         <load_address>0x578c</load_address>
         <run_address>0x578c</run_address>
         <size>0x50</size>
         <input_file_ref idref="fl-16"/>
      </object_component>
      <object_component id="oc-fe">
         <name>.const:$P$T0$1</name>
         <load_address>0x57dc</load_address>
         <run_address>0x57dc</run_address>
         <size>0x24</size>
         <input_file_ref idref="fl-3"/>
      </object_component>
      <object_component id="oc-16f">
         <name>.const:g_pulPriority</name>
         <load_address>0x5800</load_address>
         <run_address>0x5800</run_address>
         <size>0x20</size>
         <input_file_ref idref="fl-16"/>
      </object_component>
      <object_component id="oc-161">
         <name>.const:GPIO_PORT_TO_INT</name>
         <load_address>0x5820</load_address>
         <run_address>0x5820</run_address>
         <size>0x1c</size>
         <input_file_ref idref="fl-14"/>
      </object_component>
      <object_component id="oc-178">
         <name>.const:g_pulDisRegs</name>
         <load_address>0x583c</load_address>
         <run_address>0x583c</run_address>
         <size>0x8</size>
         <input_file_ref idref="fl-16"/>
      </object_component>
      <object_component id="oc-175">
         <name>.const:g_pulEnRegs</name>
         <load_address>0x5844</load_address>
         <run_address>0x5844</run_address>
         <size>0x8</size>
         <input_file_ref idref="fl-16"/>
      </object_component>
      <object_component id="oc-17b">
         <name>.const:g_pulPendRegs</name>
         <load_address>0x584c</load_address>
         <run_address>0x584c</run_address>
         <size>0x8</size>
         <input_file_ref idref="fl-16"/>
      </object_component>
      <object_component id="oc-17e">
         <name>.const:g_pulUnpendRegs</name>
         <load_address>0x5854</load_address>
         <run_address>0x5854</run_address>
         <size>0x8</size>
         <input_file_ref idref="fl-16"/>
      </object_component>
      <object_component id="oc-fb">
         <name>.const</name>
         <load_address>0x585c</load_address>
         <run_address>0x585c</run_address>
         <size>0x4</size>
         <input_file_ref idref="fl-3"/>
      </object_component>
      <object_component id="oc-398">
         <name>.cinit..data.load</name>
         <load_address>0x5860</load_address>
         <run_address>0x5860</run_address>
         <size>0x9f</size>
      </object_component>
      <object_component id="oc-395">
         <name>__TI_handler_table</name>
         <load_address>0x5900</load_address>
         <run_address>0x5900</run_address>
         <size>0xc</size>
      </object_component>
      <object_component id="oc-399">
         <name>.cinit..bss.load</name>
         <load_address>0x5910</load_address>
         <run_address>0x5910</run_address>
         <size>0x8</size>
      </object_component>
      <object_component id="oc-397">
         <name>.cinit..vtable.load</name>
         <load_address>0x5918</load_address>
         <run_address>0x5918</run_address>
         <size>0x8</size>
      </object_component>
      <object_component id="oc-396">
         <name>__TI_cinit_table</name>
         <load_address>0x5920</load_address>
         <run_address>0x5920</run_address>
         <size>0x18</size>
      </object_component>
      <object_component id="oc-372">
         <name>.binit</name>
         <load_address>0x0</load_address>
         <run_address>0x0</run_address>
         <size>0x0</size>
      </object_component>
      <object_component id="oc-16c">
         <name>.vtable</name>
         <uninitialized>true</uninitialized>
         <run_address>0x20000000</run_address>
         <size>0xe4</size>
         <input_file_ref idref="fl-16"/>
      </object_component>
      <object_component id="oc-f5">
         <name>.data</name>
         <load_address>0x200006d8</load_address>
         <run_address>0x200006d8</run_address>
         <size>0x17</size>
         <input_file_ref idref="fl-3"/>
      </object_component>
      <object_component id="oc-14a">
         <name>.data</name>
         <load_address>0x2000072c</load_address>
         <run_address>0x2000072c</run_address>
         <size>0x4</size>
         <input_file_ref idref="fl-a"/>
      </object_component>
      <object_component id="oc-15e">
         <name>.data:GPIO_PORT_TO_BASE</name>
         <load_address>0x200006a8</load_address>
         <run_address>0x200006a8</run_address>
         <size>0x30</size>
         <input_file_ref idref="fl-14"/>
      </object_component>
      <object_component id="oc-b3">
         <name>.data:$O1$$</name>
         <load_address>0x20000700</load_address>
         <run_address>0x20000700</run_address>
         <size>0xc</size>
         <input_file_ref idref="fl-e4"/>
      </object_component>
      <object_component id="oc-74">
         <name>.data</name>
         <load_address>0x20000728</load_address>
         <run_address>0x20000728</run_address>
         <size>0x4</size>
         <input_file_ref idref="fl-ea"/>
      </object_component>
      <object_component id="oc-b6">
         <name>.data:$O1$$</name>
         <load_address>0x20000718</load_address>
         <run_address>0x20000718</run_address>
         <size>0x8</size>
         <input_file_ref idref="fl-eb"/>
      </object_component>
      <object_component id="oc-195">
         <name>.data:_ftable</name>
         <load_address>0x200004e8</load_address>
         <run_address>0x200004e8</run_address>
         <size>0xf0</size>
         <input_file_ref idref="fl-f0"/>
      </object_component>
      <object_component id="oc-294">
         <name>.data</name>
         <load_address>0x200006f0</load_address>
         <run_address>0x200006f0</run_address>
         <size>0x10</size>
         <input_file_ref idref="fl-f0"/>
      </object_component>
      <object_component id="oc-2a5">
         <name>.data:$O1$$</name>
         <load_address>0x200005d8</load_address>
         <run_address>0x200005d8</run_address>
         <size>0xd0</size>
         <input_file_ref idref="fl-f9"/>
      </object_component>
      <object_component id="oc-2cf">
         <name>.data</name>
         <load_address>0x20000720</load_address>
         <run_address>0x20000720</run_address>
         <size>0x4</size>
         <input_file_ref idref="fl-108"/>
      </object_component>
      <object_component id="oc-337">
         <name>.data</name>
         <load_address>0x20000724</load_address>
         <run_address>0x20000724</run_address>
         <size>0x4</size>
         <input_file_ref idref="fl-10e"/>
      </object_component>
      <object_component id="oc-32d">
         <name>.data:$O1$$</name>
         <load_address>0x2000070c</load_address>
         <run_address>0x2000070c</run_address>
         <size>0xc</size>
         <input_file_ref idref="fl-10f"/>
      </object_component>
      <object_component id="oc-159">
         <name>.bss</name>
         <uninitialized>true</uninitialized>
         <run_address>0x200008f0</run_address>
         <size>0x8</size>
         <input_file_ref idref="fl-10"/>
      </object_component>
      <object_component id="oc-34c">
         <name>.bss:parmbuf</name>
         <uninitialized>true</uninitialized>
         <run_address>0x200008f8</run_address>
         <size>0x8</size>
         <input_file_ref idref="fl-104"/>
      </object_component>
      <object_component id="oc-35d">
         <name>.bss:_CIOBUF_</name>
         <uninitialized>true</uninitialized>
         <run_address>0x20000730</run_address>
         <size>0x120</size>
         <input_file_ref idref="fl-105"/>
      </object_component>
      <object_component id="oc-f8">
         <name>.common:dataString</name>
         <uninitialized>true</uninitialized>
         <run_address>0x20000900</run_address>
         <size>0x8</size>
      </object_component>
      <object_component id="oc-358">
         <name>.common:__TI_tmpnams</name>
         <uninitialized>true</uninitialized>
         <run_address>0x20000850</run_address>
         <size>0xa0</size>
      </object_component>
      <object_component id="oc-30">
         <name>.sysmem</name>
         <uninitialized>true</uninitialized>
         <run_address>0x200000e8</run_address>
         <size>0x8</size>
         <input_file_ref idref="fl-10f"/>
      </object_component>
      <object_component id="oc-39b">
         <name>.sysmem</name>
         <uninitialized>true</uninitialized>
         <run_address>0x200000e8</run_address>
         <size>0x0</size>
      </object_component>
      <object_component id="oc-2f">
         <name>.stack</name>
         <uninitialized>true</uninitialized>
         <run_address>0x2000fe00</run_address>
         <size>0x0</size>
         <input_file_ref idref="fl-df"/>
      </object_component>
      <object_component id="oc-39a">
         <name>.stack</name>
         <uninitialized>true</uninitialized>
         <run_address>0x2000fe00</run_address>
         <size>0x0</size>
      </object_component>
      <object_component id="oc-283">
         <name>.debug_info</name>
         <load_address>0x0</load_address>
         <run_address>0x0</run_address>
         <size>0x535</size>
         <input_file_ref idref="fl-2"/>
      </object_component>
      <object_component id="oc-d2">
         <name>.debug_info</name>
         <load_address>0x535</load_address>
         <run_address>0x535</run_address>
         <size>0x2da</size>
         <input_file_ref idref="fl-2"/>
      </object_component>
      <object_component id="oc-1b1">
         <name>.debug_info</name>
         <load_address>0x80f</load_address>
         <run_address>0x80f</run_address>
         <size>0x103e</size>
         <input_file_ref idref="fl-2"/>
      </object_component>
      <object_component id="oc-1cd">
         <name>.debug_info</name>
         <load_address>0x184d</load_address>
         <run_address>0x184d</run_address>
         <size>0x37a3</size>
         <input_file_ref idref="fl-2"/>
      </object_component>
      <object_component id="oc-1da">
         <name>.debug_info</name>
         <load_address>0x4ff0</load_address>
         <run_address>0x4ff0</run_address>
         <size>0x1b5</size>
         <input_file_ref idref="fl-2"/>
      </object_component>
      <object_component id="oc-39">
         <name>.debug_info</name>
         <load_address>0x51a5</load_address>
         <run_address>0x51a5</run_address>
         <size>0x84</size>
         <input_file_ref idref="fl-2"/>
      </object_component>
      <object_component id="oc-107">
         <name>.debug_info</name>
         <load_address>0x5229</load_address>
         <run_address>0x5229</run_address>
         <size>0x18b</size>
         <input_file_ref idref="fl-2"/>
      </object_component>
      <object_component id="oc-10c">
         <name>.debug_info</name>
         <load_address>0x53b4</load_address>
         <run_address>0x53b4</run_address>
         <size>0xee</size>
         <input_file_ref idref="fl-2"/>
      </object_component>
      <object_component id="oc-f9">
         <name>.debug_info</name>
         <load_address>0x54a2</load_address>
         <run_address>0x54a2</run_address>
         <size>0x79a</size>
         <input_file_ref idref="fl-3"/>
      </object_component>
      <object_component id="oc-fc">
         <name>.debug_info</name>
         <load_address>0x5c3c</load_address>
         <run_address>0x5c3c</run_address>
         <size>0xcf</size>
         <input_file_ref idref="fl-3"/>
      </object_component>
      <object_component id="oc-f6">
         <name>.debug_info</name>
         <load_address>0x5d0b</load_address>
         <run_address>0x5d0b</run_address>
         <size>0x1de</size>
         <input_file_ref idref="fl-3"/>
      </object_component>
      <object_component id="oc-ff">
         <name>.debug_info</name>
         <load_address>0x5ee9</load_address>
         <run_address>0x5ee9</run_address>
         <size>0xc8</size>
         <input_file_ref idref="fl-3"/>
      </object_component>
      <object_component id="oc-80">
         <name>.debug_info</name>
         <load_address>0x5fb1</load_address>
         <run_address>0x5fb1</run_address>
         <size>0x6de</size>
         <input_file_ref idref="fl-3"/>
      </object_component>
      <object_component id="oc-111">
         <name>.debug_info</name>
         <load_address>0x668f</load_address>
         <run_address>0x668f</run_address>
         <size>0x37a3</size>
         <input_file_ref idref="fl-3"/>
      </object_component>
      <object_component id="oc-102">
         <name>.debug_info</name>
         <load_address>0x9e32</load_address>
         <run_address>0x9e32</run_address>
         <size>0x8b</size>
         <input_file_ref idref="fl-3"/>
      </object_component>
      <object_component id="oc-1a6">
         <name>.debug_info</name>
         <load_address>0x9ebd</load_address>
         <run_address>0x9ebd</run_address>
         <size>0x4b7</size>
         <input_file_ref idref="fl-4"/>
      </object_component>
      <object_component id="oc-27a">
         <name>.debug_info</name>
         <load_address>0xa374</load_address>
         <run_address>0xa374</run_address>
         <size>0x1da</size>
         <input_file_ref idref="fl-5"/>
      </object_component>
      <object_component id="oc-19a">
         <name>.debug_info</name>
         <load_address>0xa54e</load_address>
         <run_address>0xa54e</run_address>
         <size>0x4e</size>
         <input_file_ref idref="fl-5"/>
      </object_component>
      <object_component id="oc-1ac">
         <name>.debug_info</name>
         <load_address>0xa59c</load_address>
         <run_address>0xa59c</run_address>
         <size>0x51d</size>
         <input_file_ref idref="fl-8"/>
      </object_component>
      <object_component id="oc-f1">
         <name>.debug_info</name>
         <load_address>0xaab9</load_address>
         <run_address>0xaab9</run_address>
         <size>0x3ac</size>
         <input_file_ref idref="fl-8"/>
      </object_component>
      <object_component id="oc-9a">
         <name>.debug_info</name>
         <load_address>0xae65</load_address>
         <run_address>0xae65</run_address>
         <size>0x2c</size>
         <input_file_ref idref="fl-8"/>
      </object_component>
      <object_component id="oc-86">
         <name>.debug_info</name>
         <load_address>0xae91</load_address>
         <run_address>0xae91</run_address>
         <size>0x116</size>
         <input_file_ref idref="fl-9"/>
      </object_component>
      <object_component id="oc-2d">
         <name>.debug_info</name>
         <load_address>0xafa7</load_address>
         <run_address>0xafa7</run_address>
         <size>0xee</size>
         <input_file_ref idref="fl-9"/>
      </object_component>
      <object_component id="oc-7b">
         <name>.debug_info</name>
         <load_address>0xb095</load_address>
         <run_address>0xb095</run_address>
         <size>0x1b5</size>
         <input_file_ref idref="fl-9"/>
      </object_component>
      <object_component id="oc-14b">
         <name>.debug_info</name>
         <load_address>0xb24a</load_address>
         <run_address>0xb24a</run_address>
         <size>0xe7</size>
         <input_file_ref idref="fl-a"/>
      </object_component>
      <object_component id="oc-c2">
         <name>.debug_info</name>
         <load_address>0xb331</load_address>
         <run_address>0xb331</run_address>
         <size>0x259</size>
         <input_file_ref idref="fl-a"/>
      </object_component>
      <object_component id="oc-167">
         <name>.debug_info</name>
         <load_address>0xb58a</load_address>
         <run_address>0xb58a</run_address>
         <size>0x3bd</size>
         <input_file_ref idref="fl-e"/>
      </object_component>
      <object_component id="oc-15d">
         <name>.debug_info</name>
         <load_address>0xb947</load_address>
         <run_address>0xb947</run_address>
         <size>0x5d0</size>
         <input_file_ref idref="fl-10"/>
      </object_component>
      <object_component id="oc-15a">
         <name>.debug_info</name>
         <load_address>0xbf17</load_address>
         <run_address>0xbf17</run_address>
         <size>0xfd</size>
         <input_file_ref idref="fl-10"/>
      </object_component>
      <object_component id="oc-d9">
         <name>.debug_info</name>
         <load_address>0xc014</load_address>
         <run_address>0xc014</run_address>
         <size>0x22d7</size>
         <input_file_ref idref="fl-10"/>
      </object_component>
      <object_component id="oc-165">
         <name>.debug_info</name>
         <load_address>0xe2eb</load_address>
         <run_address>0xe2eb</run_address>
         <size>0x4d9</size>
         <input_file_ref idref="fl-14"/>
      </object_component>
      <object_component id="oc-162">
         <name>.debug_info</name>
         <load_address>0xe7c4</load_address>
         <run_address>0xe7c4</run_address>
         <size>0xef</size>
         <input_file_ref idref="fl-14"/>
      </object_component>
      <object_component id="oc-15f">
         <name>.debug_info</name>
         <load_address>0xe8b3</load_address>
         <run_address>0xe8b3</run_address>
         <size>0xf1</size>
         <input_file_ref idref="fl-14"/>
      </object_component>
      <object_component id="oc-de">
         <name>.debug_info</name>
         <load_address>0xe9a4</load_address>
         <run_address>0xe9a4</run_address>
         <size>0x19f2</size>
         <input_file_ref idref="fl-14"/>
      </object_component>
      <object_component id="oc-182">
         <name>.debug_info</name>
         <load_address>0x10396</load_address>
         <run_address>0x10396</run_address>
         <size>0x467</size>
         <input_file_ref idref="fl-16"/>
      </object_component>
      <object_component id="oc-170">
         <name>.debug_info</name>
         <load_address>0x107fd</load_address>
         <run_address>0x107fd</run_address>
         <size>0xee</size>
         <input_file_ref idref="fl-16"/>
      </object_component>
      <object_component id="oc-173">
         <name>.debug_info</name>
         <load_address>0x108eb</load_address>
         <run_address>0x108eb</run_address>
         <size>0xe6</size>
         <input_file_ref idref="fl-16"/>
      </object_component>
      <object_component id="oc-176">
         <name>.debug_info</name>
         <load_address>0x109d1</load_address>
         <run_address>0x109d1</run_address>
         <size>0xea</size>
         <input_file_ref idref="fl-16"/>
      </object_component>
      <object_component id="oc-179">
         <name>.debug_info</name>
         <load_address>0x10abb</load_address>
         <run_address>0x10abb</run_address>
         <size>0xec</size>
         <input_file_ref idref="fl-16"/>
      </object_component>
      <object_component id="oc-17c">
         <name>.debug_info</name>
         <load_address>0x10ba7</load_address>
         <run_address>0x10ba7</run_address>
         <size>0xee</size>
         <input_file_ref idref="fl-16"/>
      </object_component>
      <object_component id="oc-17f">
         <name>.debug_info</name>
         <load_address>0x10c95</load_address>
         <run_address>0x10c95</run_address>
         <size>0xf2</size>
         <input_file_ref idref="fl-16"/>
      </object_component>
      <object_component id="oc-16d">
         <name>.debug_info</name>
         <load_address>0x10d87</load_address>
         <run_address>0x10d87</run_address>
         <size>0xf3</size>
         <input_file_ref idref="fl-16"/>
      </object_component>
      <object_component id="oc-e4">
         <name>.debug_info</name>
         <load_address>0x10e7a</load_address>
         <run_address>0x10e7a</run_address>
         <size>0x1196</size>
         <input_file_ref idref="fl-16"/>
      </object_component>
      <object_component id="oc-1d3">
         <name>.debug_info</name>
         <load_address>0x12010</load_address>
         <run_address>0x12010</run_address>
         <size>0x39f</size>
         <input_file_ref idref="fl-1f"/>
      </object_component>
      <object_component id="oc-152">
         <name>.debug_info</name>
         <load_address>0x123af</load_address>
         <run_address>0x123af</run_address>
         <size>0xe95</size>
         <input_file_ref idref="fl-1f"/>
      </object_component>
      <object_component id="oc-14f">
         <name>.debug_info</name>
         <load_address>0x13244</load_address>
         <run_address>0x13244</run_address>
         <size>0x4c3</size>
         <input_file_ref idref="fl-23"/>
      </object_component>
      <object_component id="oc-c6">
         <name>.debug_info</name>
         <load_address>0x13707</load_address>
         <run_address>0x13707</run_address>
         <size>0x1614</size>
         <input_file_ref idref="fl-23"/>
      </object_component>
      <object_component id="oc-157">
         <name>.debug_info</name>
         <load_address>0x14d1b</load_address>
         <run_address>0x14d1b</run_address>
         <size>0x567</size>
         <input_file_ref idref="fl-24"/>
      </object_component>
      <object_component id="oc-cc">
         <name>.debug_info</name>
         <load_address>0x15282</load_address>
         <run_address>0x15282</run_address>
         <size>0x8a5</size>
         <input_file_ref idref="fl-24"/>
      </object_component>
      <object_component id="oc-27f">
         <name>.debug_info</name>
         <load_address>0x15b27</load_address>
         <run_address>0x15b27</run_address>
         <size>0x114</size>
         <input_file_ref idref="fl-de"/>
      </object_component>
      <object_component id="oc-1a3">
         <name>.debug_info</name>
         <load_address>0x15c3b</load_address>
         <run_address>0x15c3b</run_address>
         <size>0x171</size>
         <input_file_ref idref="fl-de"/>
      </object_component>
      <object_component id="oc-27">
         <name>.debug_info</name>
         <load_address>0x15dac</load_address>
         <run_address>0x15dac</run_address>
         <size>0x160</size>
         <input_file_ref idref="fl-df"/>
      </object_component>
      <object_component id="oc-90">
         <name>.debug_info</name>
         <load_address>0x15f0c</load_address>
         <run_address>0x15f0c</run_address>
         <size>0xf9</size>
         <input_file_ref idref="fl-e0"/>
      </object_component>
      <object_component id="oc-15">
         <name>.debug_info</name>
         <load_address>0x16005</load_address>
         <run_address>0x16005</run_address>
         <size>0x245</size>
         <input_file_ref idref="fl-e0"/>
      </object_component>
      <object_component id="oc-34">
         <name>.debug_info</name>
         <load_address>0x1624a</load_address>
         <run_address>0x1624a</run_address>
         <size>0x60</size>
         <input_file_ref idref="fl-e0"/>
      </object_component>
      <object_component id="oc-8b">
         <name>.debug_info</name>
         <load_address>0x162aa</load_address>
         <run_address>0x162aa</run_address>
         <size>0x46</size>
         <input_file_ref idref="fl-e0"/>
      </object_component>
      <object_component id="oc-49">
         <name>.debug_info</name>
         <load_address>0x162f0</load_address>
         <run_address>0x162f0</run_address>
         <size>0x140</size>
         <input_file_ref idref="fl-e1"/>
      </object_component>
      <object_component id="oc-1c">
         <name>.debug_info</name>
         <load_address>0x16430</load_address>
         <run_address>0x16430</run_address>
         <size>0x1df</size>
         <input_file_ref idref="fl-e1"/>
      </object_component>
      <object_component id="oc-44">
         <name>.debug_info</name>
         <load_address>0x1660f</load_address>
         <run_address>0x1660f</run_address>
         <size>0x46</size>
         <input_file_ref idref="fl-e1"/>
      </object_component>
      <object_component id="oc-92">
         <name>.debug_info</name>
         <load_address>0x16655</load_address>
         <run_address>0x16655</run_address>
         <size>0x2c</size>
         <input_file_ref idref="fl-e1"/>
      </object_component>
      <object_component id="oc-55">
         <name>.debug_info</name>
         <load_address>0x16681</load_address>
         <run_address>0x16681</run_address>
         <size>0x12f</size>
         <input_file_ref idref="fl-e2"/>
      </object_component>
      <object_component id="oc-21">
         <name>.debug_info</name>
         <load_address>0x167b0</load_address>
         <run_address>0x167b0</run_address>
         <size>0x1aa</size>
         <input_file_ref idref="fl-e2"/>
      </object_component>
      <object_component id="oc-50">
         <name>.debug_info</name>
         <load_address>0x1695a</load_address>
         <run_address>0x1695a</run_address>
         <size>0x46</size>
         <input_file_ref idref="fl-e2"/>
      </object_component>
      <object_component id="oc-2e5">
         <name>.debug_info</name>
         <load_address>0x169a0</load_address>
         <run_address>0x169a0</run_address>
         <size>0xee</size>
         <input_file_ref idref="fl-e3"/>
      </object_component>
      <object_component id="oc-27c">
         <name>.debug_info</name>
         <load_address>0x16a8e</load_address>
         <run_address>0x16a8e</run_address>
         <size>0xfa</size>
         <input_file_ref idref="fl-e3"/>
      </object_component>
      <object_component id="oc-ba">
         <name>.debug_info</name>
         <load_address>0x16b88</load_address>
         <run_address>0x16b88</run_address>
         <size>0x234</size>
         <input_file_ref idref="fl-e4"/>
      </object_component>
      <object_component id="oc-b4">
         <name>.debug_info</name>
         <load_address>0x16dbc</load_address>
         <run_address>0x16dbc</run_address>
         <size>0x185</size>
         <input_file_ref idref="fl-e4"/>
      </object_component>
      <object_component id="oc-72">
         <name>.debug_info</name>
         <load_address>0x16f41</load_address>
         <run_address>0x16f41</run_address>
         <size>0x214</size>
         <input_file_ref idref="fl-e4"/>
      </object_component>
      <object_component id="oc-40">
         <name>.debug_info</name>
         <load_address>0x17155</load_address>
         <run_address>0x17155</run_address>
         <size>0x111</size>
         <input_file_ref idref="fl-e5"/>
      </object_component>
      <object_component id="oc-4b">
         <name>.debug_info</name>
         <load_address>0x17266</load_address>
         <run_address>0x17266</run_address>
         <size>0x13f</size>
         <input_file_ref idref="fl-e6"/>
      </object_component>
      <object_component id="oc-57">
         <name>.debug_info</name>
         <load_address>0x173a5</load_address>
         <run_address>0x173a5</run_address>
         <size>0x138</size>
         <input_file_ref idref="fl-e7"/>
      </object_component>
      <object_component id="oc-5d">
         <name>.debug_info</name>
         <load_address>0x174dd</load_address>
         <run_address>0x174dd</run_address>
         <size>0x148</size>
         <input_file_ref idref="fl-e8"/>
      </object_component>
      <object_component id="oc-199">
         <name>.debug_info</name>
         <load_address>0x17625</load_address>
         <run_address>0x17625</run_address>
         <size>0x22c</size>
         <input_file_ref idref="fl-e9"/>
      </object_component>
      <object_component id="oc-ec">
         <name>.debug_info</name>
         <load_address>0x17851</load_address>
         <run_address>0x17851</run_address>
         <size>0x284</size>
         <input_file_ref idref="fl-e9"/>
      </object_component>
      <object_component id="oc-275">
         <name>.debug_info</name>
         <load_address>0x17ad5</load_address>
         <run_address>0x17ad5</run_address>
         <size>0xae</size>
         <input_file_ref idref="fl-e9"/>
      </object_component>
      <object_component id="oc-75">
         <name>.debug_info</name>
         <load_address>0x17b83</load_address>
         <run_address>0x17b83</run_address>
         <size>0x109</size>
         <input_file_ref idref="fl-ea"/>
      </object_component>
      <object_component id="oc-146">
         <name>.debug_info</name>
         <load_address>0x17c8c</load_address>
         <run_address>0x17c8c</run_address>
         <size>0x124</size>
         <input_file_ref idref="fl-eb"/>
      </object_component>
      <object_component id="oc-b7">
         <name>.debug_info</name>
         <load_address>0x17db0</load_address>
         <run_address>0x17db0</run_address>
         <size>0x113</size>
         <input_file_ref idref="fl-eb"/>
      </object_component>
      <object_component id="oc-13f">
         <name>.debug_info</name>
         <load_address>0x17ec3</load_address>
         <run_address>0x17ec3</run_address>
         <size>0x21f</size>
         <input_file_ref idref="fl-eb"/>
      </object_component>
      <object_component id="oc-25f">
         <name>.debug_info</name>
         <load_address>0x180e2</load_address>
         <run_address>0x180e2</run_address>
         <size>0x385</size>
         <input_file_ref idref="fl-ec"/>
      </object_component>
      <object_component id="oc-190">
         <name>.debug_info</name>
         <load_address>0x18467</load_address>
         <run_address>0x18467</run_address>
         <size>0x1543</size>
         <input_file_ref idref="fl-ec"/>
      </object_component>
      <object_component id="oc-260">
         <name>.debug_info</name>
         <load_address>0x199aa</load_address>
         <run_address>0x199aa</run_address>
         <size>0x86</size>
         <input_file_ref idref="fl-ec"/>
      </object_component>
      <object_component id="oc-26a">
         <name>.debug_info</name>
         <load_address>0x19a30</load_address>
         <run_address>0x19a30</run_address>
         <size>0x2c</size>
         <input_file_ref idref="fl-ec"/>
      </object_component>
      <object_component id="oc-2da">
         <name>.debug_info</name>
         <load_address>0x19a5c</load_address>
         <run_address>0x19a5c</run_address>
         <size>0x46</size>
         <input_file_ref idref="fl-ec"/>
      </object_component>
      <object_component id="oc-265">
         <name>.debug_info</name>
         <load_address>0x19aa2</load_address>
         <run_address>0x19aa2</run_address>
         <size>0x39</size>
         <input_file_ref idref="fl-ec"/>
      </object_component>
      <object_component id="oc-b2">
         <name>.debug_info</name>
         <load_address>0x19adb</load_address>
         <run_address>0x19adb</run_address>
         <size>0x166</size>
         <input_file_ref idref="fl-ed"/>
      </object_component>
      <object_component id="oc-69">
         <name>.debug_info</name>
         <load_address>0x19c41</load_address>
         <run_address>0x19c41</run_address>
         <size>0x167</size>
         <input_file_ref idref="fl-ed"/>
      </object_component>
      <object_component id="oc-137">
         <name>.debug_info</name>
         <load_address>0x19da8</load_address>
         <run_address>0x19da8</run_address>
         <size>0x5e</size>
         <input_file_ref idref="fl-ed"/>
      </object_component>
      <object_component id="oc-b0">
         <name>.debug_info</name>
         <load_address>0x19e06</load_address>
         <run_address>0x19e06</run_address>
         <size>0x2e9</size>
         <input_file_ref idref="fl-ee"/>
      </object_component>
      <object_component id="oc-63">
         <name>.debug_info</name>
         <load_address>0x1a0ef</load_address>
         <run_address>0x1a0ef</run_address>
         <size>0x190</size>
         <input_file_ref idref="fl-ee"/>
      </object_component>
      <object_component id="oc-12b">
         <name>.debug_info</name>
         <load_address>0x1a27f</load_address>
         <run_address>0x1a27f</run_address>
         <size>0x39</size>
         <input_file_ref idref="fl-ee"/>
      </object_component>
      <object_component id="oc-1c1">
         <name>.debug_info</name>
         <load_address>0x1a2b8</load_address>
         <run_address>0x1a2b8</run_address>
         <size>0x39</size>
         <input_file_ref idref="fl-ee"/>
      </object_component>
      <object_component id="oc-130">
         <name>.debug_info</name>
         <load_address>0x1a2f1</load_address>
         <run_address>0x1a2f1</run_address>
         <size>0xcd</size>
         <input_file_ref idref="fl-ee"/>
      </object_component>
      <object_component id="oc-127">
         <name>.debug_info</name>
         <load_address>0x1a3be</load_address>
         <run_address>0x1a3be</run_address>
         <size>0x1e0</size>
         <input_file_ref idref="fl-ef"/>
      </object_component>
      <object_component id="oc-a7">
         <name>.debug_info</name>
         <load_address>0x1a59e</load_address>
         <run_address>0x1a59e</run_address>
         <size>0x183</size>
         <input_file_ref idref="fl-ef"/>
      </object_component>
      <object_component id="oc-1bc">
         <name>.debug_info</name>
         <load_address>0x1a721</load_address>
         <run_address>0x1a721</run_address>
         <size>0x2c</size>
         <input_file_ref idref="fl-ef"/>
      </object_component>
      <object_component id="oc-271">
         <name>.debug_info</name>
         <load_address>0x1a74d</load_address>
         <run_address>0x1a74d</run_address>
         <size>0x139</size>
         <input_file_ref idref="fl-f0"/>
      </object_component>
      <object_component id="oc-196">
         <name>.debug_info</name>
         <load_address>0x1a886</load_address>
         <run_address>0x1a886</run_address>
         <size>0xf7</size>
         <input_file_ref idref="fl-f0"/>
      </object_component>
      <object_component id="oc-295">
         <name>.debug_info</name>
         <load_address>0x1a97d</load_address>
         <run_address>0x1a97d</run_address>
         <size>0x184</size>
         <input_file_ref idref="fl-f0"/>
      </object_component>
      <object_component id="oc-242">
         <name>.debug_info</name>
         <load_address>0x1ab01</load_address>
         <run_address>0x1ab01</run_address>
         <size>0x144</size>
         <input_file_ref idref="fl-f1"/>
      </object_component>
      <object_component id="oc-21e">
         <name>.debug_info</name>
         <load_address>0x1ac45</load_address>
         <run_address>0x1ac45</run_address>
         <size>0x120</size>
         <input_file_ref idref="fl-f2"/>
      </object_component>
      <object_component id="oc-22f">
         <name>.debug_info</name>
         <load_address>0x1ad65</load_address>
         <run_address>0x1ad65</run_address>
         <size>0x122</size>
         <input_file_ref idref="fl-f2"/>
      </object_component>
      <object_component id="oc-228">
         <name>.debug_info</name>
         <load_address>0x1ae87</load_address>
         <run_address>0x1ae87</run_address>
         <size>0x132</size>
         <input_file_ref idref="fl-f3"/>
      </object_component>
      <object_component id="oc-225">
         <name>.debug_info</name>
         <load_address>0x1afb9</load_address>
         <run_address>0x1afb9</run_address>
         <size>0x132</size>
         <input_file_ref idref="fl-f4"/>
      </object_component>
      <object_component id="oc-232">
         <name>.debug_info</name>
         <load_address>0x1b0eb</load_address>
         <run_address>0x1b0eb</run_address>
         <size>0x126</size>
         <input_file_ref idref="fl-f5"/>
      </object_component>
      <object_component id="oc-209">
         <name>.debug_info</name>
         <load_address>0x1b211</load_address>
         <run_address>0x1b211</run_address>
         <size>0x1de</size>
         <input_file_ref idref="fl-f6"/>
      </object_component>
      <object_component id="oc-187">
         <name>.debug_info</name>
         <load_address>0x1b3ef</load_address>
         <run_address>0x1b3ef</run_address>
         <size>0x23f</size>
         <input_file_ref idref="fl-f6"/>
      </object_component>
      <object_component id="oc-217">
         <name>.debug_info</name>
         <load_address>0x1b62e</load_address>
         <run_address>0x1b62e</run_address>
         <size>0x2a2</size>
         <input_file_ref idref="fl-f7"/>
      </object_component>
      <object_component id="oc-18a">
         <name>.debug_info</name>
         <load_address>0x1b8d0</load_address>
         <run_address>0x1b8d0</run_address>
         <size>0x359</size>
         <input_file_ref idref="fl-f7"/>
      </object_component>
      <object_component id="oc-23e">
         <name>.debug_info</name>
         <load_address>0x1bc29</load_address>
         <run_address>0x1bc29</run_address>
         <size>0x124</size>
         <input_file_ref idref="fl-f8"/>
      </object_component>
      <object_component id="oc-2a9">
         <name>.debug_info</name>
         <load_address>0x1bd4d</load_address>
         <run_address>0x1bd4d</run_address>
         <size>0x4a0</size>
         <input_file_ref idref="fl-f9"/>
      </object_component>
      <object_component id="oc-2a6">
         <name>.debug_info</name>
         <load_address>0x1c1ed</load_address>
         <run_address>0x1c1ed</run_address>
         <size>0x116</size>
         <input_file_ref idref="fl-f9"/>
      </object_component>
      <object_component id="oc-206">
         <name>.debug_info</name>
         <load_address>0x1c303</load_address>
         <run_address>0x1c303</run_address>
         <size>0xb0b</size>
         <input_file_ref idref="fl-f9"/>
      </object_component>
      <object_component id="oc-313">
         <name>.debug_info</name>
         <load_address>0x1ce0e</load_address>
         <run_address>0x1ce0e</run_address>
         <size>0x120</size>
         <input_file_ref idref="fl-f9"/>
      </object_component>
      <object_component id="oc-2ab">
         <name>.debug_info</name>
         <load_address>0x1cf2e</load_address>
         <run_address>0x1cf2e</run_address>
         <size>0x2c</size>
         <input_file_ref idref="fl-f9"/>
      </object_component>
      <object_component id="oc-2bf">
         <name>.debug_info</name>
         <load_address>0x1cf5a</load_address>
         <run_address>0x1cf5a</run_address>
         <size>0x14c</size>
         <input_file_ref idref="fl-fa"/>
      </object_component>
      <object_component id="oc-23a">
         <name>.debug_info</name>
         <load_address>0x1d0a6</load_address>
         <run_address>0x1d0a6</run_address>
         <size>0x1c2</size>
         <input_file_ref idref="fl-fa"/>
      </object_component>
      <object_component id="oc-2d7">
         <name>.debug_info</name>
         <load_address>0x1d268</load_address>
         <run_address>0x1d268</run_address>
         <size>0xf1</size>
         <input_file_ref idref="fl-fb"/>
      </object_component>
      <object_component id="oc-25c">
         <name>.debug_info</name>
         <load_address>0x1d359</load_address>
         <run_address>0x1d359</run_address>
         <size>0x1ab</size>
         <input_file_ref idref="fl-fb"/>
      </object_component>
      <object_component id="oc-2b5">
         <name>.debug_info</name>
         <load_address>0x1d504</load_address>
         <run_address>0x1d504</run_address>
         <size>0x100</size>
         <input_file_ref idref="fl-fc"/>
      </object_component>
      <object_component id="oc-214">
         <name>.debug_info</name>
         <load_address>0x1d604</load_address>
         <run_address>0x1d604</run_address>
         <size>0x242</size>
         <input_file_ref idref="fl-fc"/>
      </object_component>
      <object_component id="oc-2c3">
         <name>.debug_info</name>
         <load_address>0x1d846</load_address>
         <run_address>0x1d846</run_address>
         <size>0x13f</size>
         <input_file_ref idref="fl-fd"/>
      </object_component>
      <object_component id="oc-248">
         <name>.debug_info</name>
         <load_address>0x1d985</load_address>
         <run_address>0x1d985</run_address>
         <size>0x18a</size>
         <input_file_ref idref="fl-fd"/>
      </object_component>
      <object_component id="oc-2c4">
         <name>.debug_info</name>
         <load_address>0x1db0f</load_address>
         <run_address>0x1db0f</run_address>
         <size>0x2c</size>
         <input_file_ref idref="fl-fd"/>
      </object_component>
      <object_component id="oc-2d3">
         <name>.debug_info</name>
         <load_address>0x1db3b</load_address>
         <run_address>0x1db3b</run_address>
         <size>0x17c</size>
         <input_file_ref idref="fl-fe"/>
      </object_component>
      <object_component id="oc-250">
         <name>.debug_info</name>
         <load_address>0x1dcb7</load_address>
         <run_address>0x1dcb7</run_address>
         <size>0x1d5</size>
         <input_file_ref idref="fl-fe"/>
      </object_component>
      <object_component id="oc-ab">
         <name>.debug_info</name>
         <load_address>0x1de8c</load_address>
         <run_address>0x1de8c</run_address>
         <size>0x145</size>
         <input_file_ref idref="fl-ff"/>
      </object_component>
      <object_component id="oc-2d5">
         <name>.debug_info</name>
         <load_address>0x1dfd1</load_address>
         <run_address>0x1dfd1</run_address>
         <size>0xf5</size>
         <input_file_ref idref="fl-100"/>
      </object_component>
      <object_component id="oc-256">
         <name>.debug_info</name>
         <load_address>0x1e0c6</load_address>
         <run_address>0x1e0c6</run_address>
         <size>0x244</size>
         <input_file_ref idref="fl-100"/>
      </object_component>
      <object_component id="oc-306">
         <name>.debug_info</name>
         <load_address>0x1e30a</load_address>
         <run_address>0x1e30a</run_address>
         <size>0xe5</size>
         <input_file_ref idref="fl-101"/>
      </object_component>
      <object_component id="oc-29a">
         <name>.debug_info</name>
         <load_address>0x1e3ef</load_address>
         <run_address>0x1e3ef</run_address>
         <size>0x258</size>
         <input_file_ref idref="fl-101"/>
      </object_component>
      <object_component id="oc-2b3">
         <name>.debug_info</name>
         <load_address>0x1e647</load_address>
[...]
         <value>0x560d</value>
         <object_component_ref idref="oc-13e"/>
      </symbol>
      <symbol id="sm-6b5">
         <name>__TI_printfi</name>
         <value>0x925</value>
         <object_component_ref idref="oc-18f"/>
      </symbol>
      <symbol id="sm-6c9">
         <name>_args_main</name>
         <value>0x55c5</value>
         <object_component_ref idref="oc-68"/>
      </symbol>
      <symbol id="sm-6f3">
         <name>__TI_auto_init</name>
         <value>0x508d</value>
         <object_component_ref idref="oc-62"/>
      </symbol>
      <symbol id="sm-70d">
         <name>copy_in</name>
         <value>0x5451</value>
         <object_component_ref idref="oc-a3"/>
      </symbol>
      <symbol id="sm-722">
         <name>__TI_tmpnams</name>
         <value>0x20000850</value>
      </symbol>
      <symbol id="sm-723">
         <name>__aeabi_stdout</name>
         <value>0x200006f8</value>
         <object_component_ref idref="oc-294"/>
      </symbol>
      <symbol id="sm-724">
         <name>__aeabi_stderr</name>
         <value>0x200006fc</value>
         <object_component_ref idref="oc-294"/>
      </symbol>
      <symbol id="sm-725">
         <name>__aeabi_stdin</name>
         <value>0x200006f4</value>
         <object_component_ref idref="oc-294"/>
      </symbol>
      <symbol id="sm-726">
         <name>_ftable</name>
         <value>0x200004e8</value>
         <object_component_ref idref="oc-195"/>
      </symbol>
      <symbol id="sm-727">
         <name>__TI_ft_end</name>
         <value>0x200006f0</value>
         <object_component_ref idref="oc-294"/>
      </symbol>
      <symbol id="sm-73e">
         <name>__aeabi_dsub</name>
         <value>0x4189</value>
         <object_component_ref idref="oc-241"/>
      </symbol>
      <symbol id="sm-73f">
         <name>__aeabi_dadd</name>
         <value>0x4193</value>
         <object_component_ref idref="oc-241"/>
      </symbol>
      <symbol id="sm-761">
         <name>__aeabi_cdcmpeq</name>
         <value>0x4f07</value>
         <object_component_ref idref="oc-21d"/>
      </symbol>
      <symbol id="sm-762">
         <name>__aeabi_cdcmple</name>
         <value>0x4f07</value>
         <object_component_ref idref="oc-21d"/>
      </symbol>
      <symbol id="sm-763">
         <name>__aeabi_cdrcmple</name>
         <value>0x4f8d</value>
         <object_component_ref idref="oc-22c"/>
      </symbol>
      <symbol id="sm-777">
         <name>__aeabi_ddiv</name>
         <value>0x433f</value>
         <object_component_ref idref="oc-227"/>
      </symbol>
      <symbol id="sm-782">
         <name>__aeabi_dmul</name>
         <value>0x46a9</value>
         <object_component_ref idref="oc-222"/>
      </symbol>
      <symbol id="sm-78c">
         <name>__aeabi_d2iz</name>
         <value>0x549d</value>
         <object_component_ref idref="oc-231"/>
      </symbol>
      <symbol id="sm-7a3">
         <name>putc</name>
         <value>0x4de1</value>
         <object_component_ref idref="oc-183"/>
      </symbol>
      <symbol id="sm-7a4">
         <name>fputc</name>
         <value>0x4de1</value>
         <object_component_ref idref="oc-183"/>
      </symbol>
      <symbol id="sm-7a5">
         <name>putchar</name>
         <value>0x4e65</value>
         <object_component_ref idref="oc-183"/>
      </symbol>
      <symbol id="sm-7c7">
         <name>puts</name>
         <value>0x4581</value>
         <object_component_ref idref="oc-189"/>
      </symbol>
      <symbol id="sm-7c8">
         <name>fputs</name>
         <value>0x4475</value>
         <object_component_ref idref="oc-189"/>
      </symbol>
      <symbol id="sm-7d2">
         <name>__aeabi_i2d</name>
         <value>0x5559</value>
         <object_component_ref idref="oc-23c"/>
      </symbol>
      <symbol id="sm-820">
         <name>open</name>
         <value>0x3787</value>
         <object_component_ref idref="oc-202"/>
      </symbol>
      <symbol id="sm-821">
         <name>add_device</name>
         <value>0x38a9</value>
         <object_component_ref idref="oc-202"/>
      </symbol>
      <symbol id="sm-822">
         <name>remove_device</name>
         <value>0x373b</value>
         <object_component_ref idref="oc-202"/>
      </symbol>
      <symbol id="sm-823">
         <name>lseek</name>
         <value>0x3835</value>
         <object_component_ref idref="oc-202"/>
      </symbol>
      <symbol id="sm-824">
         <name>read</name>
         <value>0x3763</value>
         <object_component_ref idref="oc-202"/>
      </symbol>
      <symbol id="sm-825">
         <name>rename</name>
         <value>0x36fd</value>
         <object_component_ref idref="oc-202"/>
      </symbol>
      <symbol id="sm-826">
         <name>write</name>
         <value>0x3649</value>
         <object_component_ref idref="oc-202"/>
      </symbol>
      <symbol id="sm-827">
         <name>close</name>
         <value>0x3859</value>
         <object_component_ref idref="oc-202"/>
      </symbol>
      <symbol id="sm-828">
         <name>unlink</name>
         <value>0x36d9</value>
         <object_component_ref idref="oc-202"/>
      </symbol>
      <symbol id="sm-837">
         <name>ltoa</name>
         <value>0x5305</value>
         <object_component_ref idref="oc-236"/>
      </symbol>
      <symbol id="sm-847">
         <name>memccpy</name>
         <value>0x55a7</value>
         <object_component_ref idref="oc-258"/>
      </symbol>
      <symbol id="sm-857">
         <name>memchr</name>
         <value>0x5587</value>
         <object_component_ref idref="oc-210"/>
      </symbol>
      <symbol id="sm-872">
         <name>frexpl</name>
         <value>0x52a1</value>
         <object_component_ref idref="oc-246"/>
      </symbol>
      <symbol id="sm-873">
         <name>frexp</name>
         <value>0x52a1</value>
         <object_component_ref idref="oc-246"/>
      </symbol>
      <symbol id="sm-890">
         <name>scalbn</name>
         <value>0x47a5</value>
         <object_component_ref idref="oc-24c"/>
      </symbol>
      <symbol id="sm-891">
         <name>scalbnl</name>
         <value>0x47a5</value>
         <object_component_ref idref="oc-24c"/>
      </symbol>
      <symbol id="sm-892">
         <name>ldexpl</name>
         <value>0x47a5</value>
         <object_component_ref idref="oc-24c"/>
      </symbol>
      <symbol id="sm-893">
         <name>ldexp</name>
         <value>0x47a5</value>
         <object_component_ref idref="oc-24c"/>
      </symbol>
      <symbol id="sm-89d">
         <name>_system_post_cinit</name>
         <value>0x535b</value>
         <object_component_ref idref="oc-a9"/>
      </symbol>
      <symbol id="sm-8ad">
         <name>strchr</name>
         <value>0x55f5</value>
         <object_component_ref idref="oc-252"/>
      </symbol>
      <symbol id="sm-8bc">
         <name>strcmp</name>
         <value>0x55dd</value>
         <object_component_ref idref="oc-299"/>
      </symbol>
      <symbol id="sm-8ca">
         <name>strlen</name>
         <value>0x5649</value>
         <object_component_ref idref="oc-20a"/>
      </symbol>
      <symbol id="sm-8da">
         <name>strncpy</name>
         <value>0x5523</value>
         <object_component_ref idref="oc-29f"/>
      </symbol>
      <symbol id="sm-901">
         <name>HOSTgetenv</name>
         <value>0x3589</value>
         <object_component_ref idref="oc-309"/>
      </symbol>
      <symbol id="sm-902">
         <name>HOSTrename</name>
         <value>0x3431</value>
         <object_component_ref idref="oc-309"/>
      </symbol>
      <symbol id="sm-903">
         <name>HOSTclose</name>
         <value>0x35c7</value>
         <object_component_ref idref="oc-309"/>
      </symbol>
      <symbol id="sm-904">
         <name>HOSTtime64</name>
         <value>0x33a9</value>
         <object_component_ref idref="oc-309"/>
      </symbol>
      <symbol id="sm-905">
         <name>HOSTunlink</name>
         <value>0x3371</value>
         <object_component_ref idref="oc-309"/>
      </symbol>
      <symbol id="sm-906">
         <name>HOSTlseek</name>
         <value>0x352d</value>
         <object_component_ref idref="oc-309"/>
      </symbol>
      <symbol id="sm-907">
         <name>HOSTopen</name>
         <value>0x34db</value>
         <object_component_ref idref="oc-309"/>
      </symbol>
      <symbol id="sm-908">
         <name>HOSTclock</name>
         <value>0x35ff</value>
         <object_component_ref idref="oc-309"/>
      </symbol>
      <symbol id="sm-909">
         <name>HOSTwrite</name>
         <value>0x3325</value>
         <object_component_ref idref="oc-309"/>
      </symbol>
      <symbol id="sm-90a">
         <name>HOSTread</name>
         <value>0x348f</value>
         <object_component_ref idref="oc-309"/>
      </symbol>
      <symbol id="sm-90b">
         <name>HOSTtime</name>
         <value>0x33f7</value>
         <object_component_ref idref="oc-309"/>
      </symbol>
      <symbol id="sm-926">
         <name>__TI_readmsg</name>
         <value>0x5207</value>
         <object_component_ref idref="oc-340"/>
      </symbol>
      <symbol id="sm-927">
         <name>C$$IO$$</name>
         <value>0x5203</value>
         <object_component_ref idref="oc-340"/>
      </symbol>
      <symbol id="sm-928">
         <name>__CIOBUF_</name>
         <value>0x20000730</value>
         <object_component_ref idref="oc-35d"/>
      </symbol>
      <symbol id="sm-929">
         <name>__TI_writemsg</name>
         <value>0x51d5</value>
         <object_component_ref idref="oc-340"/>
      </symbol>
      <symbol id="sm-945">
         <name>__aeabi_uldivmod</name>
         <value>0x3dd1</value>
         <object_component_ref idref="oc-218"/>
      </symbol>
      <symbol id="sm-963">
         <name>__TI_wrt_ok</name>
         <value>0x4c01</value>
         <object_component_ref idref="oc-1f6"/>
      </symbol>
      <symbol id="sm-964">
         <name>__TI_rd_ok</name>
         <value>0x4c63</value>
         <object_component_ref idref="oc-1f6"/>
      </symbol>
      <symbol id="sm-96c">
         <name>errno</name>
         <value>0x20000720</value>
         <object_component_ref idref="oc-2cf"/>
      </symbol>
      <symbol id="sm-986">
         <name>__TI_doflush</name>
         <value>0x4b39</value>
         <object_component_ref idref="oc-1fc"/>
      </symbol>
      <symbol id="sm-987">
         <name>fflush</name>
         <value>0x4b85</value>
         <object_component_ref idref="oc-1fc"/>
      </symbol>
      <symbol id="sm-999">
         <name>fseek</name>
         <value>0x523d</value>
         <object_component_ref idref="oc-286"/>
      </symbol>
      <symbol id="sm-9a3">
         <name>copysign</name>
         <value>0x5621</value>
         <object_component_ref idref="oc-2c9"/>
      </symbol>
      <symbol id="sm-9a4">
         <name>copysignl</name>
         <value>0x5621</value>
         <object_component_ref idref="oc-2c9"/>
      </symbol>
      <symbol id="sm-9c0">
         <name>setvbuf</name>
         <value>0x4985</value>
         <object_component_ref idref="oc-28c"/>
      </symbol>
      <symbol id="sm-9ce">
         <name>strcpy</name>
         <value>0x5635</value>
         <object_component_ref idref="oc-346"/>
      </symbol>
      <symbol id="sm-a05">
         <name>__TI_cleanup</name>
         <value>0x408d</value>
         <object_component_ref idref="oc-2f2"/>
      </symbol>
      <symbol id="sm-a06">
         <name>freopen</name>
         <value>0x40b9</value>
         <object_component_ref idref="oc-2f2"/>
      </symbol>
      <symbol id="sm-a07">
         <name>fopen</name>
         <value>0x40e3</value>
         <object_component_ref idref="oc-2f2"/>
      </symbol>
      <symbol id="sm-a76">
         <name>_sys_memory</name>
         <value>0x200000e8</value>
         <object_component_ref idref="oc-30"/>
      </symbol>
      <symbol id="sm-a77">
         <name>free</name>
         <value>0x2d13</value>
         <object_component_ref idref="oc-2ec"/>
      </symbol>
      <symbol id="sm-a78">
         <name>realloc</name>
         <value>0x2dd5</value>
         <object_component_ref idref="oc-2ec"/>
      </symbol>
      <symbol id="sm-a79">
         <name>memalign</name>
         <value>0x2edd</value>
         <object_component_ref idref="oc-2ec"/>
      </symbol>
      <symbol id="sm-a7a">
         <name>calloc</name>
         <value>0x2fc9</value>
         <object_component_ref idref="oc-2ec"/>
      </symbol>
      <symbol id="sm-a7b">
         <name>malloc</name>
         <value>0x2ca9</value>
         <object_component_ref idref="oc-2ec"/>
      </symbol>
      <symbol id="sm-a7c">
         <name>minit</name>
         <value>0x2c29</value>
         <object_component_ref idref="oc-2ec"/>
      </symbol>
      <symbol id="sm-a92">
         <name>__TI_closefile</name>
         <value>0x4d49</value>
         <object_component_ref idref="oc-331"/>
      </symbol>
      <symbol id="sm-a93">
         <name>fclose</name>
         <value>0x4daf</value>
         <object_component_ref idref="oc-331"/>
      </symbol>
      <symbol id="sm-a95">
         <name>__TI_static_base__</name>
         <value>0x0</value>
      </symbol>
      <symbol id="sm-a98">
         <name>SHT$$INIT_ARRAY$$Limit</name>
         <value>0x0</value>
      </symbol>
      <symbol id="sm-a99">
         <name>SHT$$INIT_ARRAY$$Base</name>
         <value>0x0</value>
      </symbol>
      <symbol id="sm-a9a">
         <name>NMI_Handler</name>
         <value>0x5677</value>
      </symbol>
      <symbol id="sm-a9b">
         <name>HardFault_Handler</name>
         <value>0x5677</value>
      </symbol>
      <symbol id="sm-a9c">
         <name>MemManage_Handler</name>
         <value>0x5677</value>
      </symbol>
      <symbol id="sm-a9d">
         <name>BusFault_Handler</name>
         <value>0x5677</value>
      </symbol>
      <symbol id="sm-a9e">
         <name>UsageFault_Handler</name>
         <value>0x5677</value>
      </symbol>
      <symbol id="sm-a9f">
         <name>SVC_Handler</name>
         <value>0x5677</value>
      </symbol>
      <symbol id="sm-aa0">
         <name>DebugMon_Handler</name>
         <value>0x5677</value>
      </symbol>
      <symbol id="sm-aa1">
         <name>PendSV_Handler</name>
         <value>0x5677</value>
      </symbol>
      <symbol id="sm-aa2">
         <name>SysTick_Handler</name>
         <value>0x5677</value>
      </symbol>
      <symbol id="sm-aa3">
         <name>PSS_IRQHandler</name>
         <value>0x5677</value>
      </symbol>
      <symbol id="sm-aa4">
         <name>CS_IRQHandler</name>
         <value>0x5677</value>
      </symbol>
      <symbol id="sm-aa5">
         <name>PCM_IRQHandler</name>
         <value>0x5677</value>
      </symbol>
      <symbol id="sm-aa6">
         <name>WDT_A_IRQHandler</name>
         <value>0x5677</value>
      </symbol>
      <symbol id="sm-aa7">
         <name>FPU_IRQHandler</name>
         <value>0x5677</value>
      </symbol>
      <symbol id="sm-aa8">
         <name>FLCTL_IRQHandler</name>
         <value>0x5677</value>
      </symbol>
      <symbol id="sm-aa9">
         <name>COMP_E0_IRQHandler</name>
         <value>0x5677</value>
      </symbol>
      <symbol id="sm-aaa">
         <name>COMP_E1_IRQHandler</name>
         <value>0x5677</value>
      </symbol>
      <symbol id="sm-aab">
         <name>TA0_0_IRQHandler</name>
         <value>0x3cb5</value>
      </symbol>
      <symbol id="sm-aac">
         <name>TA0_N_IRQHandler</name>
         <value>0x5677</value>
      </symbol>
      <symbol id="sm-aad">
         <name>TA1_0_IRQHandler</name>
         <value>0x5677</value>
      </symbol>
      <symbol id="sm-aae">
         <name>TA1_N_IRQHandler</name>
         <value>0x5677</value>
      </symbol>
      <symbol id="sm-aaf">
         <name>TA2_0_IRQHandler</name>
         <value>0x5677</value>
      </symbol>
      <symbol id="sm-ab0">
         <name>TA2_N_IRQHandler</name>
         <value>0x5677</value>
      </symbol>
      <symbol id="sm-ab1">
         <name>TA3_0_IRQHandler</name>
         <value>0x5677</value>
      </symbol>
      <symbol id="sm-ab2">
         <name>TA3_N_IRQHandler</name>
         <value>0x5677</value>
      </symbol>
      <symbol id="sm-ab3">
         <name>EUSCIA0_IRQHandler</name>
         <value>0x3c05</value>
      </symbol>
      <symbol id="sm-ab4">
         <name>EUSCIA1_IRQHandler</name>
         <value>0x5677</value>
      </symbol>
      <symbol id="sm-ab5">
         <name>EUSCIA2_IRQHandler</name>
         <value>0x5677</value>
      </symbol>
      <symbol id="sm-ab6">
         <name>EUSCIA3_IRQHandler</name>
         <value>0x5677</value>
      </symbol>
      <symbol id="sm-ab7">
         <name>EUSCIB0_IRQHandler</name>
         <value>0x5677</value>
      </symbol>
      <symbol id="sm-ab8">
         <name>EUSCIB1_IRQHandler</name>
         <value>0x5677</value>
      </symbol>
      <symbol id="sm-ab9">
         <name>EUSCIB2_IRQHandler</name>
         <value>0x5677</value>
      </symbol>
      <symbol id="sm-aba">
         <name>EUSCIB3_IRQHandler</name>
         <value>0x5677</value>
      </symbol>
      <symbol id="sm-abb">
         <name>ADC14_IRQHandler</name>
         <value>0x5677</value>
      </symbol>
      <symbol id="sm-abc">
         <name>T32_INT1_IRQHandler</name>
         <value>0x5677</value>
      </symbol>
      <symbol id="sm-abd">
         <name>T32_INT2_IRQHandler</name>
         <value>0x5677</value>
      </symbol>
      <symbol id="sm-abe">
         <name>T32_INTC_IRQHandler</name>
         <value>0x5677</value>
      </symbol>
      <symbol id="sm-abf">
         <name>AES256_IRQHandler</name>
         <value>0x5677</value>
      </symbol>
      <symbol id="sm-ac0">
         <name>RTC_C_IRQHandler</name>
         <value>0x5677</value>
      </symbol>
      <symbol id="sm-ac1">
         <name>DMA_ERR_IRQHandler</name>
         <value>0x5677</value>
      </symbol>
      <symbol id="sm-ac2">
         <name>DMA_INT3_IRQHandler</name>
         <value>0x5677</value>
      </symbol>
      <symbol id="sm-ac3">
         <name>DMA_INT2_IRQHandler</name>
         <value>0x5677</value>
      </symbol>
      <symbol id="sm-ac4">
         <name>DMA_INT1_IRQHandler</name>
         <value>0x5677</value>
      </symbol>
      <symbol id="sm-ac5">
         <name>DMA_INT0_IRQHandler</name>
         <value>0x5677</value>
      </symbol>
      <symbol id="sm-ac6">
         <name>PORT1_IRQHandler</name>
         <value>0x5677</value>
      </symbol>
      <symbol id="sm-ac7">
         <name>PORT2_IRQHandler</name>
         <value>0x5677</value>
      </symbol>
      <symbol id="sm-ac8">
         <name>PORT3_IRQHandler</name>
         <value>0x5677</value>
      </symbol>
      <symbol id="sm-ac9">
         <name>PORT4_IRQHandler</name>
         <value>0x5677</value>
      </symbol>
      <symbol id="sm-aca">
         <name>PORT5_IRQHandler</name>
         <value>0x5677</value>
      </symbol>
      <symbol id="sm-acb">
         <name>PORT6_IRQHandler</name>
         <value>0x5677</value>
      </symbol>
      <symbol id="sm-acc">
         <name>remove</name>
         <value>0x36d9</value>
      </symbol>
   </symbol_table>
   <title>Link successful</title>
</link_info>
